Hello world

example.com bar

bbc.co.uk bbc.co.uk bbc.co.uk

iFrame Scaffold